  Copying sources remotely to 'localhost'
  Build command not configured, skipping.
  Invoking 'make', working directory: '/mnt/c/Users/ah5k/Documents/Projects/osdev'
   base/kernel.c
   base/memory.c
  
   base/mm/heap.c
   base/mm/pmm.c
   base/mm/vmm.c
  
   base/sched/process.c
   base/sched/sched.c
   base/serial.c
  
   base/util/spinlock.c
   base/util/util.c
   base/arch/x86_64/acpi.c
   base/arch/x86_64/cpu/cpu.c
  
   base/arch/x86_64/cpu/gdt.c
   base/arch/x86_64/cpu/idt.c
   base/arch/x86_64/cpu/ioapic.c
  
   base/arch/x86_64/cpu/lapic.c
   base/arch/x86_64/cpu/paging.c
   base/arch/x86_64/kbd.c
   base/arch/x86_64/ports.c
  
   base/arch/x86_64/cpu/cpu.asm
   base/arch/x86_64/cpu/interrupt.asm
   base/arch/x86_64/cpu/paging.asm
   base/arch/x86_64/entry.asm
   obj-x86_64/base/external/printf.c.o
  make[1]: Entering directory '/mnt/c/Users/ah5k/Documents/Projects/osdev'
  cp osdev.x86_64.elf sysroot/boot/osdev.elf
  tools/mkbootimg bootimg.json osdev.img
  
  
  [K
  mkbootimg: osdev.img saved.
  make[1]: Leaving directory '/mnt/c/Users/ah5k/Documents/Projects/osdev'
  
  Invoking 'make run-x86_64-uefi', working directory: '/mnt/c/Users/ah5k/Documents/Projects/osdev'
  qemu-system-x86_64 osdev.img -M q35  -serial stdio -drive if=pflash,unit=0,format=raw,file=edk2-ovmf/ovmf-code-x86_64.fd,readonly=on
  WARNING: Image format was not specified for 'osdev.img' and probing guessed raw.
           Automatically detecting the format is dangerous for raw images, write operations on block 0 will be restricted.
           Specify the 'raw' format explicitly to remove the restrictions.
  
  [2J[001;001H[=3h[2J[001;001H[2J[001;001H[8;042;160t[2J[001;001H[2J[001;001H[8;056;240t[2J[001;001H
  BdsDxe: loading Boot0002 "UEFI QEMU HARDDISK QM00001 " from PciRoot(0x0)/Pci(0x1F,0x2)/Sata(0x0,0xFFFF,0x0)
  BdsDxe: starting Boot0002 "UEFI QEMU HARDDISK QM00001 " from PciRoot(0x0)/Pci(0x1F,0x2)/Sata(0x0,0xFFFF,0x0)
  Booting OS...
   * Locate initrd in Option ROMs
  
   * Locate initrd in \BOOTBOOT\INITRD
   * Initrd loaded @62A4000 74240 bytes
   * Environment @62A3000 130 bytes
   * Screen 800 x 600, scanline 3200, fb @80000000 1921024 bytes, type 1 ARGB
   * System tables
   * System time 2026-04-25 20:51:52 GMT+0:00 
   * tar /boot/osdev.elf
   * Autodetecting kernel
   * Parsing ELF64 @62A7800
   * fb          @FFFFFFFFFC000000
   * bootboot    @FFFFFFFFFFE00000
   * environment @FFFFFFFFFFE01000
   * Entry point @FFFFFFFFFFE09DF0, text @6279000 42728 bytes
   * SMP numcores 1
   * Pagetables PML4 @6251000
   * Memory Map @6277000 7392 bytes try #1
  wsp gngos
  kernel: finished initalizing pmm.
  kernel: font file entry @ 0x0 raw data should start @ 0x200
  fb: invalid font (not psf1)
  kernel: finished initalizing framebuffer and loading in kernel console font
  paging: current pml4 = 0x6251000
  
  paging: mapped usable pages
  paging: physical address of kernel = 0x6279000
  paging: size of kernel: 42720
  paging: mapped kernel pages
  paging: mapped framebuffer pages
  paging: mapped bootloader info
  paging: mapped initrd
  paging: mapped kernel info structure
  paging: mapped stack
  paging: remapped pml4 into higher half
  paging: switched page tables!
  paging: current pml4 (hw): 0x624e000 expected pml4: 0x624e000
  kernel: gkInfo changed address to virt(0xffff888006250000)
  kernel: finished initalizing new page tables.
  kernel: finished initalizing vmm.
  
  kernel: finished intializing kernel heap.
  kernel: initalized scheduler structures.
  kernel: finished initalizing memory segmentation
  kernel: loaded new idt in
  lapic: physical base: 0xfee00000 virtual base: 0xffff8880fee00000
  lapic: mapped physical base to virtual
  lapic: enabled the lapic
  lapic: enabling lapic timer
  lapic: timer ticks 617337 times per 10ms
  lapic: enabled timer
  kernel: finished enabling lapic and lapic timer!
  ioapic: madt@0xffff888007778000
  ioapic: lapic physical address (madt->LapicAddress): 0xfee00000
  ioapic: found ioapic entry with id 0 and length 12
  ioapic: with ioapic physaddr @ 0xfec00000
  ioapic: with ioapic gsi @ 0x0
  ioapic: ioapic phys base: 0xfec00000 ioapic virt base: 0xffff8880fec00000
  ioapic: mapped phys to virtual
  ioapic: masked every pin
  kernel: finished enabling ioapic
  kbd: initalizing
  kbd: enabled interrupt
  kernel: finished enabling ps2 kbd
  process: List of running processes: 
  process: PID 0
  process:    Threads:
  process:    TID 1
  process:    TID 0
  fs: tar: gTarInitrdPtr=0xffff8880062a4000 (passed arg 'archive'=0xffff8880062a4000)
  fs: tar: created new drive (base=0xffff8880407cbd48 driverops=0xffff8880407cbd00) 'initrd:'
  fs: tar: counted 7 entries in initrd
  fs: tar: begin discovery of entries
  fs: tar: end discovery of entries
  fs: tar: added initrd drive to vfs internal list
  kernel: initalized tarfs
  
